Product ID: 137
Raw XOR value: 0x000000D2
Magic XOR value: 0x4D
Comment: CHOMPTECH DATA FORMAT CopyRight 2009 Ver2.10.0901
Date: 20190215
Language: 
Number of registers: 3
Initial registers: [1,0,0]
Initial sounds: [[29,44,108]]
Scripts for OIDs from 4100 to 4300; 0/201 are disabled.
Audio table entries: 4230
Binary tables entries: 1/1/1
Single binary table entries: 1/1/1
Special OIDs: 4105, 0
Checksum found 0xFD752110, calculated 0xFD752110
