Product ID: 68
Raw XOR value: 0x00000022
Magic XOR value: 0x5D
Comment: CHOMPTECH DATA FORMAT CopyRight 2009 Ver2.10.0901
Date: 20190920
Language: 
Number of registers: 200
Initial registers: [0,0,0,0,0,0,0,0,0,0,0,0,0,0,0,1,0,0,0,0,0,0,0,0,0,0,0,0,0,0,0,0,0,0,0,0,0,0,0,0,0,0,0,0,0,0,0,0,0,0,0,0,0,0,0,0,0,0,0,0,0,0,0,0,0,0,0,0,0,0,0,0,0,0,0,0,0,0,0,0,0,0,0,0,0,0,0,0,0,0,0,0,0,0,0,0,0,0,0,0,0,0,0,0,0,0,0,0,0,0,0,0,0,0,0,0,0,0,0,0,0,0,0,0,0,0,0,0,0,0,0,0,0,0,0,0,0,0,0,0,0,0,0,0,0,0,0,0,0,0,0,0,0,0,0,0,0,0,0,0,0,0,0,0,0,0,0,0,0,0,0,0,0,0,0,0,0,0,0,0,0,0,0,0,0,0,0,0,0,0,0,0,0,0,0,0,0,0,0,0]
Initial sounds: [[],[243,244]]
Scripts for OIDs from 3801 to 8700; 1188/4900 are disabled.
Audio table entries: 945
Audio table repeated twice
Binary tables entries: 0/0/0
Single binary table entries: 1/1/1
Special OIDs: 5005, 0
Checksum found 0x87CAAF2D, calculated 0x87CAAF2D
