All lines do satisfy hypothesis "play indicies are correct"!
All lines do satisfy hypothesis "media indicies are correct"!
All lines do satisfy hypothesis "at most one jump per line, as last action"!
