product-id: 42
comment: An example GME file
welcome: 1,2
media-path: media/example_%s
init: $0:=1
scripts:
  '8065': P(2)
  '8066':
  - $0==1? $0:=2 $1+=1 P(2)
  - $0==2? $0+=1 P(3,5,4)
  - $0==3? $0:=1 P(0)
  '8067':
  - $1==0?
  - $1==1? P(3)
  - $1==2? P(5)
  - $1==3? P(4)
  - $1!=1? $1!=2? $1!=3? $1:=0 P(0)
replay: 13445
stop: 13446
