Usage: tttool play GME
  interactively play a GME file

Available options:
  FILE                     GME or YAML file to read
  -h,--help                Show this help text
